============================= test session starts ==============================
platform linux -- Python 3.10.4, pytest-7.1.2, pluggy-1.0.0
rootdir: /home/runner/work/deployment-bot-6/deployment-bot-6
plugins: anyio-3.5.0
collected 12 items

tests/test_cmds.py ............                                          [100%]

============================= 12 passed in 26.59s ==============================
